// Jest Snapshot v1, https://goo.gl/fbAQLP

exports[`renders player name 1`] = `
<div>
  <div
    class="container"
  >
    <h1>
      Bennie Jetts
    </h1>
    <h2>
      Bridge City Sneakers
    </h2>
    <h3>
      Portland
      , 
      OR
    </h3>
    <h3>
      Position: 
      Pitcher
    </h3>
  </div>
</div>
`;
